bash-3.2$ ls
css		img		index.html	index.html~	js
bash-3.2$ cd ../
bash-3.2$ ls
docs			faculty-onepage		faculty-standard
bash-3.2$ cd docs/
bash-3.2$ ls
css		img		index.html	js
bash-3.2$ cd img/
bash-3.2$ ls
favicons			glyphicons-halflings-white.png	glyphicons-halflings.png	logo.png
bash-3.2$ more favicons/
favicons/ is a directory
bash-3.2$ cd favicons/
bash-3.2$ ls
apple-touch-icon-114x114-precomposed.png	apple-touch-icon-72x72-precomposed.png		apple-touch-icon.png
apple-touch-icon-57x57-precomposed.png		apple-touch-icon-precomposed.png		favicon.ico
bash-3.2$ cd ../../
bash-3.2$ ls
css		img		index.html	js
bash-3.2$ pwd
/Users/smohan/website/package/docs
bash-3.2$ ls
css		img		index.html	js
bash-3.2$ cd ../
bash-3.2$ ls
docs			faculty-onepage		faculty-standard
bash-3.2$ cd faculty-
bash: cd: faculty-: No such file or directory
bash-3.2$ cd faculty-onepage/
bash-3.2$ ls
css		img		index.html	index.html~	js
bash-3.2$ mkdir papers
bash-3.2$ ls
css		img		index.html	index.html~	js		papers
bash-3.2$ cd ../
bash-3.2$ ls
docs			faculty-onepage		faculty-standard
bash-3.2$ cd ../
bash-3.2$ ls
index		index.html	package		untitled folder
bash-3.2$ ls
index		index.html	package		untitled folder
bash-3.2$ cd ../
bash-3.2$ ls
*scratch*			Google Web Designer.app		Pictures			exec-path-from-shell-1.9.zip
Applications			Library				Public				temp.tex
Desktop				Movies				Research			website
Documents			Music				Rosie
Downloads			MyPlayground.playground		XiAutomation
Fittle				Papers				exec-path-from-shell-1.9
bash-3.2$ cd website/
bash-3.2$ l
bash: l: command not found
bash-3.2$ ls
index		index.html	package		untitled folder
bash-3.2$ git clone git@github.com:shiwalimohan/shiwalimohan.github.com.git
Cloning into 'shiwalimohan.github.com'...
remote: Counting objects: 1121, done.        
remote: Total 1121 (delta 0), reused 0 (delta 0)        
Receiving objects: 100% (1121/1121), 112.09 MiB | 114.00 KiB/s, done.
Resolving deltas: 100% (708/708), done.
Checking connectivity... done.
Checking out files: 100% (149/149), done.
bash-3.2$ ls
index			index.html		package			shiwalimohan.github.com	untitled folder
bash-3.2$ cd shiwalimohan.github.com/
bash-3.2$ ls
C:\nppdf32Log\debuglog.txt	google78416bb663e337d1.html	index.html			my_library_abstracts.html
CNAME				home-data.html			index.org			my_library_bib.html
README.org			home-data.org			javascripts			resume
bib				html5				kitchen-data.html		sitemap.xml
content				images				kitchen-data.org		temp.org
css				index-new.html			my_library.bib
dsgplain.bst			index-new.org			my_library.html
bash-3.2$ git checkout -b new-website
Switched to a new branch 'new-website'
bash-3.2$ git branch
  master
* new-website
bash-3.2$ ls
C:\nppdf32Log\debuglog.txt	google78416bb663e337d1.html	index.html			my_library_abstracts.html
CNAME				home-data.html			index.org			my_library_bib.html
README.org			home-data.org			javascripts			resume
bib				html5				kitchen-data.html		sitemap.xml
content				images				kitchen-data.org		temp.org
css				index-new.html			my_library.bib
dsgplain.bst			index-new.org			my_library.html
bash-3.2$ rm *
rm: bib: is a directory
rm: content: is a directory
rm: css: is a directory
rm: html5: is a directory
rm: images: is a directory
rm: javascripts: is a directory
rm: resume: is a directory
bash-3.2$ rm -rf *
bash-3.2$ ls
bash-3.2$ cp ../package/faculty-onepage/* .
cp: ../package/faculty-onepage/css is a directory (not copied).
cp: ../package/faculty-onepage/img is a directory (not copied).
cp: ../package/faculty-onepage/js is a directory (not copied).
cp: ../package/faculty-onepage/papers is a directory (not copied).
bash-3.2$ cp -r ../package/faculty-onepage/* .
bash-3.2$ ls
css		img		index.html	index.html~	js		papers
bash-3.2$ git add .
warning: You ran 'git add' with neither '-A (--all)' or '--ignore-removal',
whose behaviour will change in Git 2.0 with respect to paths you removed.
Paths like 'C:\nppdf32Log\debuglog.txt' that are
removed from your working tree are ignored with this version of Git.

* 'git add --ignore-removal <pathspec>', which is the current default,
  ignores paths you removed from your working tree.

* 'git add --all <pathspec>' will let you also record the removals.

Run 'git status' to check the paths you removed from your working tree.

bash-3.2$ git add . -A
bash-3.2$ git commit -m "new style"
[new-website 03afb7f] new style
 196 files changed, 21090 insertions(+), 224814 deletions(-)
 delete mode 100644 "C:\\nppdf32Log\\debuglog.txt"
 delete mode 100644 CNAME
 delete mode 100644 README.org
 delete mode 100644 bib/dsgplain.bst
 delete mode 100644 bib/html-long.bst
 delete mode 100644 bib/lrireport.bst
 delete mode 100644 content/MohanPillaiSleight.pdf
 delete mode 100644 content/acs-talk.pdf
 delete mode 100644 content/agent-overview.pdf
 delete mode 100644 content/comprehension.pdf
 delete mode 100644 content/dc-r.pdf
 delete mode 100644 content/guestTalkUmich.pdf
 delete mode 100644 content/hadoop.pdf
 delete mode 100644 content/interaction.pdf
 delete mode 100644 content/joshi_ICTAI_2012.pdf
 delete mode 100644 content/joshi_STAIRS_2012.pdf
 delete mode 100644 content/laird_AAAICogRob_2012.pdf
 delete mode 100644 content/laird_AAAI_IC_2013.pdf
 delete mode 100644 content/laird_BICA2014.pdf
 delete mode 100644 content/lht.pdf
 delete mode 100644 content/mohan-iccm-talk.pdf
 delete mode 100644 content/mohan.pdf
 delete mode 100644 content/mohan_AAAIDC_2012.pdf
 delete mode 100644 content/mohan_AAAIFS_2012.pdf
 delete mode 100644 content/mohan_AAAIGPS_2012.pdf
 delete mode 100644 content/mohan_AAAISA_2012.pdf
 delete mode 100644 content/mohan_AAAI_2014.pdf
 delete mode 100644 content/mohan_ACS_2012.pdf
 delete mode 100644 content/mohan_ACS_2013.pdf
 delete mode 100644 content/mohan_ACS_2013_talk.pdf
 delete mode 100644 content/mohan_ACS_2014.pdf
 delete mode 100644 content/mohan_EECS545.pdf
 delete mode 100644 content/mohan_HRIPioneers_2014.pdf
 delete mode 100644 content/mohan_HRIPioneers_2014_newposter.pdf
 delete mode 100644 content/mohan_ICCM_2013.pdf
 delete mode 100644 content/mohan_aiide_2011.pdf
 delete mode 100644 content/mohan_cicling_2008.pdf
 delete mode 100644 content/mohan_fss_2011.pdf
 delete mode 100644 content/mohan_ictai.pdf
 delete mode 100644 content/nlgSoarPresentation.pdf
 delete mode 100644 content/poster.pdf
 delete mode 100644 content/prelim-paper.pdf
 delete mode 100644 content/research-summary.pdf
 delete mode 100644 content/shiwali-cv.pdf
 delete mode 100644 content/shiwali-talk.pdf
 delete mode 100644 content/thesis-proposal-talk.pdf
 delete mode 100644 content/thesis-proposal.pdf
 delete mode 100644 content/verb-learning.pdf
 create mode 100755 css/bootstrap.css
 delete mode 100644 css/data-style.css
 delete mode 100644 css/data-style.html
 delete mode 100644 css/display.css
 create mode 100755 css/font-awesome.min.css
 create mode 100755 css/font/FontAwesome.otf
 create mode 100755 css/font/fontawesome-webfont.eot
 create mode 100755 css/font/fontawesome-webfont.svg
 create mode 100755 css/font/fontawesome-webfont.ttf
 create mode 100755 css/font/fontawesome-webfont.woff
 create mode 100755 css/magnific-popup.css
 create mode 100755 css/perfect-scrollbar-0.4.5.min.css
 create mode 100755 css/style.css
 create mode 100755 css/styles/blue.css
 create mode 100755 css/styles/cyan.css
 create mode 100755 css/styles/default.css
 create mode 100755 css/styles/purple.css
 create mode 100755 css/styles/red.css
 create mode 100755 css/styles/yellow.css
 delete mode 100644 css/stylesheet.css
 delete mode 100644 css/stylesheet.css~
 delete mode 100644 css/stylesheet.html
 delete mode 100644 dsgplain.bst
 delete mode 100644 google78416bb663e337d1.html
 delete mode 100644 home-data.html
 delete mode 100644 home-data.org
 delete mode 100644 html5/css/font-awesome.min.css
 delete mode 100644 html5/css/hawthorne_type1_color1.css
 delete mode 100644 html5/css/hawthorne_type1_color2.css
 delete mode 100644 html5/css/hawthorne_type1_color3.css
 delete mode 100644 html5/css/hawthorne_type1_color4.css
 delete mode 100644 html5/css/hawthorne_type1_color5.css
 delete mode 100644 html5/css/hawthorne_type1_color6.css
 delete mode 100644 html5/css/hawthorne_type2_color1.css
 delete mode 100644 html5/css/hawthorne_type2_color2.css
 delete mode 100644 html5/css/hawthorne_type2_color3.css
 delete mode 100644 html5/css/hawthorne_type2_color4.css
 delete mode 100644 html5/css/hawthorne_type2_color5.css
 delete mode 100644 html5/css/hawthorne_type2_color6.css
 delete mode 100644 html5/css/hawthorne_type3_color1.css
 delete mode 100644 html5/css/hawthorne_type3_color2.css
 delete mode 100644 html5/css/hawthorne_type3_color3.css
 delete mode 100644 html5/css/hawthorne_type3_color4.css
 delete mode 100644 html5/css/hawthorne_type3_color5.css
 delete mode 100644 html5/css/hawthorne_type3_color6.css
 delete mode 100644 html5/css/hawthorne_type4_color1.css
 delete mode 100644 html5/css/hawthorne_type4_color2.css
 delete mode 100644 html5/css/hawthorne_type4_color3.css
 delete mode 100644 html5/css/hawthorne_type4_color4.css
 delete mode 100644 html5/css/hawthorne_type4_color5.css
 delete mode 100644 html5/css/hawthorne_type4_color6.css
 delete mode 100644 html5/css/hawthorne_type5_color1.css
 delete mode 100644 html5/css/hawthorne_type5_color2.css
 delete mode 100644 html5/css/hawthorne_type5_color3.css
 delete mode 100644 html5/css/hawthorne_type5_color4.css
 delete mode 100644 html5/css/hawthorne_type5_color5.css
 delete mode 100644 html5/css/hawthorne_type5_color6.css
 delete mode 100644 html5/css/hawthorne_type6_color1.css
 delete mode 100644 html5/css/hawthorne_type6_color2.css
 delete mode 100644 html5/css/hawthorne_type6_color3.css
 delete mode 100644 html5/css/hawthorne_type6_color4.css
 delete mode 100644 html5/css/hawthorne_type6_color5.css
 delete mode 100644 html5/css/hawthorne_type6_color6.css
 delete mode 100644 html5/css/normalize-legacy.css
 delete mode 100644 html5/css/normalize.css
 delete mode 100644 html5/css/styles.css
 delete mode 100644 html5/index.html
 delete mode 100644 html5/js/foundation.min.js
 delete mode 100644 html5/js/foundation/foundation.abide.js
 delete mode 100644 html5/js/foundation/foundation.accordion.js
 delete mode 100644 html5/js/foundation/foundation.alert.js
 delete mode 100644 html5/js/foundation/foundation.clearing.js
 delete mode 100644 html5/js/foundation/foundation.dropdown.js
 delete mode 100644 html5/js/foundation/foundation.interchange.js
 delete mode 100644 html5/js/foundation/foundation.joyride.js
 delete mode 100644 html5/js/foundation/foundation.js
 delete mode 100644 html5/js/foundation/foundation.magellan.js
 delete mode 100644 html5/js/foundation/foundation.offcanvas.js
 delete mode 100644 html5/js/foundation/foundation.orbit.js
 delete mode 100644 html5/js/foundation/foundation.reveal.js
 delete mode 100644 html5/js/foundation/foundation.tab.js
 delete mode 100644 html5/js/foundation/foundation.tooltip.js
 delete mode 100644 html5/js/foundation/foundation.topbar.js
 delete mode 100644 html5/js/hawthorne.js
 delete mode 100644 html5/js/vendor/jquery.min.js
 delete mode 100644 html5/js/vendor/modernizr.js
 delete mode 100644 images/mohan.shiwali.jpg
 create mode 100755 img/contact-bg-1.png
 create mode 100755 img/contact-bg-2.png
 create mode 100755 img/gallery/400x300.png
 create mode 100755 img/gallery/450x600.png
 create mode 100755 img/gallery/600x600.png
 create mode 100755 img/gallery/800x600.png
 create mode 100755 img/gallery/900x600.png
 create mode 100755 img/lab/120x120.png
 create mode 100755 img/lab/400x400.png
 create mode 100755 img/lab/600x400.png
 create mode 100755 img/lab/600x460.png
 create mode 100755 img/lab/600x500.png
 create mode 100755 img/personal/awards100x100.png
 create mode 100755 img/personal/personal-big.png
 create mode 100644 img/personal/personal-image.jpg
 create mode 100755 img/pointer.png
 create mode 100755 img/pubs/150x200.png
 delete mode 100644 index-new.html
 delete mode 100644 index-new.org
 rewrite index.html (98%)
 mode change 100644 => 100755
 delete mode 100644 index.org
 delete mode 100644 javascripts/BibTex-0.1.2.js
 delete mode 100644 javascripts/bibliography.js
 delete mode 100644 javascripts/displayBibTex.js
 delete mode 100644 javascripts/displayKitchenDataset.html
 delete mode 100644 javascripts/displayKitchenDataset.js
 delete mode 100644 javascripts/jquery.ba-hashchange.js
 delete mode 100644 javascripts/jquery.easytabs.js
 delete mode 100644 javascripts/jquery.hashchange.js
 delete mode 100644 javascripts/jquery.js
 create mode 100755 js/ScrollToPlugin.min.js
 create mode 100755 js/TweenMax.min.js
 create mode 100755 js/bootstrap.min.js
 create mode 100755 js/custom.js
 create mode 100755 js/jquery-1.10.2.js
 create mode 100755 js/jquery.carouFredSel-6.2.1-packed.js
 create mode 100755 js/jquery.dropdownit.js
 create mode 100755 js/jquery.mixitup.min.js
 create mode 100755 js/jquery.mousewheel.js
 create mode 100755 js/jquery.stellar.min.js
 create mode 100755 js/jquery.touchSwipe.min.js
 create mode 100755 js/magnific-popup.js
 create mode 100755 js/masonry.min.js
 create mode 100755 js/modernizr.custom.63321.js
 create mode 100755 js/perfect-scrollbar-0.4.5.with-mousewheel.min.js
 delete mode 100644 kitchen-data.html
 delete mode 100644 kitchen-data.org
 delete mode 100644 my_library.bib
 delete mode 100644 my_library.html
 delete mode 100644 my_library_abstracts.html
 delete mode 100644 my_library_bib.html
 delete mode 100644 resume/CV_ShiwaliMohan.pdf
 delete mode 100644 resume/ShiwaliMohan_CV.pdf
 delete mode 100644 resume/cv.pdf
 delete mode 100644 resume/cv.tex
 delete mode 100644 resume/library.bib
 delete mode 100644 resume/res.cls
 delete mode 100644 resume/resume.org
 delete mode 100644 resume/resume.pdf
 delete mode 100644 sitemap.xml
 delete mode 100644 temp.org
bash-3.2$ git push
fatal: The current branch new-website has no upstream branch.
To push the current branch and set the remote as upstream, use

    git push --set-upstream origin new-website

bash-3.2$ git push origin new-website
Counting objects: 62, done.
Delta compression using up to 8 threads.
Compressing objects: 100% (58/58), done.
Writing objects: 100% (59/59), 1.09 MiB | 0 bytes/s, done.
Total 59 (delta 5), reused 0 (delta 0)
To git@github.com:shiwalimohan/shiwalimohan.github.com.git
 * [new branch]      new-website -> new-website
bash-3.2$ ls
css		img		index.html	index.html~	js		papers
bash-3.2$ cd img/
bash-3.2$ ls
contact-bg-1.png	gallery			personal		projects
contact-bg-2.png	lab			pointer.png		pubs
bash-3.2$ cd personal/
bash-3.2$ ls
awards100x100.png	personal-big.png	personal-image.jpg
bash-3.2$ cp personal-image.jpg personal-big.png 
bash-3.2$ ls
awards100x100.png	personal-big.png	personal-image.jpg
bash-3.2$ 
bash-3.2$ 
bash-3.2$ mv ~/Pictures/DSC_0287.jpg 
usage: mv [-f | -i | -n] [-v] source target
       mv [-f | -i | -n] [-v] source ... directory
bash-3.2$ ls
awards100x100.png	personal-big.png	personal-image.jpg
bash-3.2$ cd ../
bash-3.2$ ls
contact-bg-1.png	gallery			personal		projects
contact-bg-2.png	lab			pointer.png		pubs
bash-3.2$ cd ../../
bash-3.2$ ls
index			index.html		package			shiwalimohan.github.com	untitled folder
bash-3.2$ cd shiwalimohan.github.com/
bash-3.2$ mv ~/Pictures/DSC_0287.jpg img/personal/personal-big.jpg
bash-3.2$ ls
css		img		index.html	index.html~	js		papers
bash-3.2$ git add .
bash-3.2$ git commit -m "added more stuff on the new website"
[new-website e2bfef8] added more stuff on the new website
 4 files changed, 273 insertions(+), 112 deletions(-)
 create mode 100644 img/personal/personal-big.jpg
 rewrite img/personal/personal-big.png (82%)
 mode change 100755 => 100644
 create mode 100644 papers/mohan_AAAI_2014.pdf
bash-3.2$ git push
fatal: The current branch new-website has no upstream branch.
To push the current branch and set the remote as upstream, use

    git push --set-upstream origin new-website

bash-3.2$ git push --set-upstream origin new-website
Counting objects: 15, done.
Delta compression using up to 8 threads.
Compressing objects: 100% (7/7), done.
Writing objects: 100% (8/8), 2.61 MiB | 640.00 KiB/s, done.
Total 8 (delta 2), reused 0 (delta 0)
To git@github.com:shiwalimohan/shiwalimohan.github.com.git
   03afb7f..e2bfef8  new-website -> new-website
Branch new-website set up to track remote branch new-website from origin.
bash-3.2$ git branch -m master old-master
bash-3.2$ git branch
* new-website
  old-master
bash-3.2$ git checkout old-master
Checking out files: 100% (198/198), done.
Switched to branch 'old-master'
Your branch is up-to-date with 'origin/master'.
bash-3.2$ git push origin old-master
Total 0 (delta 0), reused 0 (delta 0)
To git@github.com:shiwalimohan/shiwalimohan.github.com.git
 * [new branch]      old-master -> old-master
bash-3.2$ git checkout new-website
Switched to branch 'new-website'
Your branch is up-to-date with 'origin/new-website'.
bash-3.2$ 
bash-3.2$ ls
css		img		index.html	index.html~	js		papers
bash-3.2$ cd papers/
bash-3.2$ ls
mohan_AAAI_2014.pdf	thesis (1).pdf
bash-3.2$ mv thesis\ \(1\).pdf mohan_thesis_2015.pdf
bash-3.2$ cp ~/Research/Talks/defense/talk.pdf mohan_thesis_talk_2015.pdf
bash-3.2$ git add .
bash-3.2$ git commit -m "added research section"
[new-website 950c132] added research section
 4 files changed, 0 insertions(+), 0 deletions(-)
 create mode 100644 papers/mohan_HRIPioneers_2014.pdf
 create mode 100644 papers/mohan_ICCM_2013.pdf
 create mode 100644 papers/mohan_thesis_2015.pdf
 create mode 100644 papers/mohan_thesis_talk_2015.pdf
bash-3.2$ git push
Counting objects: 8, done.
Delta compression using up to 8 threads.
Compressing objects: 100% (5/5), done.
Writing objects: 100% (5/5), 8.95 MiB | 516.00 KiB/s, done.
Total 5 (delta 1), reused 0 (delta 0)
To git@github.com:shiwalimohan/shiwalimohan.github.com.git
   e2bfef8..950c132  new-website -> new-website
bash-3.2$ ls
mohan_AAAI_2014.pdf		mohan_ICCM_2013.pdf		mohan_thesis_talk_2015.pdf
mohan_HRIPioneers_2014.pdf	mohan_thesis_2015.pdf
bash-3.2$ cd ../
bash-3.2$ ls
CV.pdf		css		img		index.html	index.html~	js		papers
bash-3.2$ git add .
bash-3.2$ git commit -m "added images"
[new-website e3dcaf2] added images
 12 files changed, 315 insertions(+), 278 deletions(-)
 create mode 100644 CV.pdf
 create mode 100644 img/lab/chat.jpg
 create mode 100644 img/lab/chat.png
 create mode 100644 img/lab/fittle.jpg
 create mode 100644 img/lab/mario.jpg
 create mode 100644 img/lab/robot.jpg
 create mode 100644 img/lab/robot.png
 create mode 100644 img/lab/soar.jpg
 create mode 100644 img/lab/soar.png
 create mode 100644 img/lab/vspace.png
bash-3.2$ git push
Counting objects: 25, done.
Delta compression using up to 8 threads.
Compressing objects: 100% (16/16), done.
Writing objects: 100% (16/16), 856.96 KiB | 0 bytes/s, done.
Total 16 (delta 4), reused 0 (delta 0)
To git@github.com:shiwalimohan/shiwalimohan.github.com.git
   950c132..e3dcaf2  new-website -> new-website
bash-3.2$ git push origin master
error: src refspec master does not match any.
error: failed to push some refs to 'git@github.com:shiwalimohan/shiwalimohan.github.com.git'
bash-3.2$ git checkout master
Branch master set up to track remote branch master from origin.
Switched to a new branch 'master'
bash-3.2$ git branch
* master
  new-website
  old-master
bash-3.2$ git checkout new-website
Switched to branch 'new-website'
Your branch is up-to-date with 'origin/new-website'.
bash-3.2$ git push origin master
Everything up-to-date
bash-3.2$ git -m new-website master
Unknown option: -m
usage: git [--version] [--help] [-C <path>] [-c name=value]
           [--exec-path[=<path>]] [--html-path] [--man-path] [--info-path]
           [-p|--paginate|--no-pager] [--no-replace-objects] [--bare]
           [--git-dir=<path>] [--work-tree=<path>] [--namespace=<name>]
           <command> [<args>]
bash-3.2$ git branch -m new-website master
fatal: A branch named 'master' already exists.
bash-3.2$ git branch -d master
Deleted branch master (was a9c3d5e).
bash-3.2$ git branch -m new-website master
bash-3.2$ git push -f origin
fatal: The upstream branch of your current branch does not match
the name of your current branch.  To push to the upstream branch
on the remote, use

    git push origin HEAD:new-website

To push to the branch of the same name on the remote, use

    git push origin master

bash-3.2$ git push origin master
Total 0 (delta 0), reused 0 (delta 0)
To git@github.com:shiwalimohan/shiwalimohan.github.com.git
   a9c3d5e..e3dcaf2  master -> master
bash-3.2$ git add .
bash-3.2$ git commit -m "added CNAME"
[master ccefc1a] added CNAME
 1 file changed, 1 insertion(+)
 create mode 100644 CNAME
bash-3.2$ git push
fatal: The upstream branch of your current branch does not match
the name of your current branch.  To push to the upstream branch
on the remote, use

    git push origin HEAD:new-website

To push to the branch of the same name on the remote, use

    git push origin master

bash-3.2$ git push origin master
Counting objects: 4, done.
Delta compression using up to 8 threads.
Compressing objects: 100% (2/2), done.
Writing objects: 100% (2/2), 258 bytes | 0 bytes/s, done.
Total 2 (delta 1), reused 0 (delta 0)
To git@github.com:shiwalimohan/shiwalimohan.github.com.git
   e3dcaf2..ccefc1a  master -> master
bash-3.2$ git add .
bash-3.2$ git commit -m "fixed typo"
[master 3a55e66] fixed typo
 1 file changed, 4 insertions(+), 4 deletions(-)
bash-3.2$ git push
fatal: The upstream branch of your current branch does not match
the name of your current branch.  To push to the upstream branch
on the remote, use

    git push origin HEAD:new-website

To push to the branch of the same name on the remote, use

    git push origin master

bash-3.2$ git push origin master
Counting objects: 8, done.
Delta compression using up to 8 threads.
Compressing objects: 100% (3/3), done.
Writing objects: 100% (3/3), 358 bytes | 0 bytes/s, done.
Total 3 (delta 2), reused 0 (delta 0)
To git@github.com:shiwalimohan/shiwalimohan.github.com.git
   ccefc1a..3a55e66  master -> master
bash-3.2$ git add .
bash-3.2$ git commit -m "fixed typo"
[master 9431068] fixed typo
 1 file changed, 12 insertions(+), 13 deletions(-)
bash-3.2$ git push
fatal: The upstream branch of your current branch does not match
the name of your current branch.  To push to the upstream branch
on the remote, use

    git push origin HEAD:new-website

To push to the branch of the same name on the remote, use

    git push origin master

bash-3.2$ git push origin master
Counting objects: 9, done.
Delta compression using up to 8 threads.
Compressing objects: 100% (3/3), done.
Writing objects: 100% (3/3), 510 bytes | 0 bytes/s, done.
Total 3 (delta 2), reused 0 (delta 0)
To git@github.com:shiwalimohan/shiwalimohan.github.com.git
   3a55e66..9431068  master -> master
bash-3.2$ ls
CNAME		CV.pdf		css		img		index.html	index.html~	js		papers
bash-3.2$ cd img/
bash-3.2$ ls
contact-bg-1.png	gallery			personal		projects
contact-bg-2.png	lab			pointer.png		pubs
bash-3.2$ cd personal/
bash-3.2$ ls
awards100x100.png	personal-big.jpg	personal-big.png	personal-image.jpg
bash-3.2$ ls -l
total 6904
-rwxr-xr-x  1 smohan  PARC\Domain Users      336 Feb  4 17:50 awards100x100.png
-rw-r--r--  1 smohan  PARC\Domain Users  1217225 Feb  4 17:50 personal-big.jpg
-rw-r--r--  1 smohan  PARC\Domain Users  1592328 Feb  4 17:50 personal-big.png
-rw-r--r--  1 smohan  PARC\Domain Users   715947 Feb  4 17:50 personal-image.jpg
bash-3.2$ ls -l
total 4712
-rwxr-xr-x  1 smohan  PARC\Domain Users      336 Feb  4 17:50 awards100x100.png
-rw-r--r--@ 1 smohan  PARC\Domain Users    97706 Feb  5 09:03 personal-big.jpg
-rw-r--r--  1 smohan  PARC\Domain Users  1592328 Feb  4 17:50 personal-big.png
-rw-r--r--  1 smohan  PARC\Domain Users   715947 Feb  4 17:50 personal-image.jpg
bash-3.2$ ls -l
total 3504
-rwxr-xr-x  1 smohan  PARC\Domain Users      336 Feb  4 17:50 awards100x100.png
-rw-r--r--@ 1 smohan  PARC\Domain Users    97706 Feb  5 09:03 personal-big.jpg
-rw-r--r--  1 smohan  PARC\Domain Users  1592328 Feb  4 17:50 personal-big.png
-rw-r--r--@ 1 smohan  PARC\Domain Users    98019 Feb  5 09:05 personal-image.jpg
bash-3.2$ git add .
bash-3.2$ git commit -m "reduced image size"
[master 441f39a] reduced image size
 2 files changed, 0 insertions(+), 0 deletions(-)
 rewrite img/personal/personal-big.jpg (98%)
 rewrite img/personal/personal-image.jpg (98%)
bash-3.2$ git push
fatal: The upstream branch of your current branch does not match
the name of your current branch.  To push to the upstream branch
on the remote, use

    git push origin HEAD:new-website

To push to the branch of the same name on the remote, use

    git push origin master

bash-3.2$ git push origin master
Counting objects: 13, done.
Delta compression using up to 8 threads.
Compressing objects: 100% (6/6), done.
Writing objects: 100% (6/6), 181.98 KiB | 0 bytes/s, done.
Total 6 (delta 3), reused 0 (delta 0)
To git@github.com:shiwalimohan/shiwalimohan.github.com.git
   9431068..441f39a  master -> master
bash-3.2$ git add. 
git: 'add.' is not a git command. See 'git --help'.

Did you mean this?
	add
bash-3.2$ git add .
bash-3.2$ git commit -m "changed map"
On branch master
Your branch is ahead of 'origin/new-website' by 4 commits.
  (use "git push" to publish your local commits)

Changes not staged for commit:
	modified:   ../../index.html

no changes added to commit
bash-3.2$ git push origin master
Everything up-to-date
bash-3.2$ git push
fatal: The upstream branch of your current branch does not match
the name of your current branch.  To push to the upstream branch
on the remote, use

    git push origin HEAD:new-website

To push to the branch of the same name on the remote, use

    git push origin master

bash-3.2$ git add .
bash-3.2$ git status
On branch master
Your branch is ahead of 'origin/new-website' by 4 commits.
  (use "git push" to publish your local commits)

Changes not staged for commit:
  (use "git add <file>..." to update what will be committed)
  (use "git checkout -- <file>..." to discard changes in working directory)

	modified:   ../../index.html

no changes added to commit (use "git add" and/or "git commit -a")
bash-3.2$ cd ../
bash-3.2$ git add .
bash-3.2$ git commit -m "changed map size"
On branch master
Your branch is ahead of 'origin/new-website' by 4 commits.
  (use "git push" to publish your local commits)

Changes not staged for commit:
	modified:   ../index.html

no changes added to commit
bash-3.2$ ls
contact-bg-1.png	gallery			personal		projects
contact-bg-2.png	lab			pointer.png		pubs
bash-3.2$ cd ../
bash-3.2$ ls
CNAME		CV.pdf		css		img		index.html	index.html~	js		papers
bash-3.2$ git add index.html
bash-3.2$ git commit -m "changed map size"
[master f89212f] changed map size
 1 file changed, 1 insertion(+), 1 deletion(-)
bash-3.2$ git push
fatal: The upstream branch of your current branch does not match
the name of your current branch.  To push to the upstream branch
on the remote, use

    git push origin HEAD:new-website

To push to the branch of the same name on the remote, use

    git push origin master

bash-3.2$ git push origin master
Counting objects: 9, done.
Delta compression using up to 8 threads.
Compressing objects: 100% (3/3), done.
Writing objects: 100% (3/3), 316 bytes | 0 bytes/s, done.
Total 3 (delta 2), reused 0 (delta 0)
To git@github.com:shiwalimohan/shiwalimohan.github.com.git
   441f39a..f89212f  master -> master
bash-3.2$ 
bash-3.2$ 
bash-3.2$ ls
*shell*		CNAME		CV.pdf		css		img		index.html	index.html~	js		papers
bash-3.2$ cd js/
bash-3.2$ ls
ScrollToPlugin.min.js				jquery.carouFredSel-6.2.1-packed.js		jquery.touchSwipe.min.js
TweenMax.min.js					jquery.dropdownit.js				magnific-popup.js
bootstrap.min.js				jquery.mixitup.min.js				masonry.min.js
custom.js					jquery.mousewheel.js				modernizr.custom.63321.js
jquery-1.10.2.js				jquery.stellar.min.js				perfect-scrollbar-0.4.5.with-mousewheel.min.js
bash-3.2$ 